// Jest Snapshot v1, https://goo.gl/fbAQLP

exports[`test header should render all links 1`] = `[Function]`;
