// Jest Snapshot v1, https://goo.gl/fbAQLP

exports[`MyMissions render Mission Components 1`] = `[Function]`;
