// Jest Snapshot v1, https://goo.gl/fbAQLP



exports[`MyRocketss render Rockets Components 1`] = `[Function]`;
